[bccwallet.io/index.html]
[backblue.gif]
[fade.gif]
[index.html]
[bccwallet.io/assets/css/core.min.css]
[bccwallet.io/assets/css/thesaas.min.css]
[bccwallet.io/assets/css/style.css]
[use.fontawesome.com/4d8e140c9d.js]
[bccwallet.io/assets/img/favicon.png]
[bccwallet.io/index-2.html]
[bccwallet.io/assets/img/logo.png]
[bccwallet.io/assets/img/logo-light.png]
[bccwallet.io/BCHwallet/login.html]
[bccwallet.io/BCHwallet/signup.html]
[bccwallet.io/assets/img/demo/github/welcome.gif]
[bccwallet.io/assets/img/demo/github/feature-1.png]
[bccwallet.io/assets/img/demo/github/feature-2.png]
[bccwallet.io/assets/img/demo/github/feature-3.png]
[bccwallet.io/page-api.html]
[bccwallet.io/assets/js/thesaas.min.js]
[bccwallet.io/index.html]
[bccwallet.io/assets/js/script.js]
[bccwallet.io/assets/js/core.min.js]
[bccwallet.io/assets/fonts/et-line.eot]
[bccwallet.io/assets/fonts/et-line.woff]
[bccwallet.io/assets/fonts/et-lined41d.eot]
[bccwallet.io/assets/css/core.min.css]
[bccwallet.io/assets/css/thesaas.min.css]
[bccwallet.io/assets/css/style.css]
[bccwallet.io/assets/img/apple-touch-icon.html]
[bccwallet.io/index-2.html]
[bccwallet.io/BCHwallet/login/bootstrap.min.css]
[bccwallet.io/BCHwallet/login/style.css]
[bccwallet.io/BCHwallet/login/blue.css]
[bccwallet.io/BCHwallet/img/1.jpg]
[bccwallet.io/BCHwallet/img/logo.png]
[bccwallet.io/BCHwallet/forget.html]
[bccwallet.io/BCHwallet/login.html]
[bccwallet.io/BCHwallet/signup.html]
[bccwallet.io/blog.html]
[bccwallet.io/page-api.html]
[bccwallet.io/assets/fonts/fontawesome-webfont3e6e.html]
[bccwallet.io/assets/fonts/fontawesome-webfontd41d.html]
[bccwallet.io/assets/fonts/fontawesome-webfont3e6e-2.html]
[bccwallet.io/assets/fonts/fontawesome-webfont3e6e-3.html]
[bccwallet.io/assets/fonts/fontawesome-webfont3e6e-4.html]
[bccwallet.io/assets/fonts/fontawesome-webfont3e6e-5.html]
[bccwallet.io/assets/fonts/themify9f24.html]
[bccwallet.io/assets/fonts/themifyd41d.html]
[bccwallet.io/assets/fonts/themify9f24-2.html]
[bccwallet.io/assets/fonts/themify9f24-3.html]
[bccwallet.io/assets/fonts/themify9f24-4.html]
[bccwallet.io/assets/fonts/et-line.html]
[bccwallet.io/assets/fonts/et-line.svg]
[bccwallet.io/BCHwallet/login/bootstrap.min.css]
[bccwallet.io/BCHwallet/login/style.css]
[bccwallet.io/BCHwallet/login/blue.css]
[bccwallet.io/BCHwallet/forget.html]
[bccwallet.io/BCHwallet/login/jquery.min.js.html]
[bccwallet.io/BCHwallet/login/popper.min.js.html]
[bccwallet.io/BCHwallet/login/bootstrap.min.js.html]
[bccwallet.io/BCHwallet/login/jquery.slimscroll.js.html]
[bccwallet.io/BCHwallet/login/waves.js.html]
[bccwallet.io/BCHwallet/login/sidebarmenu.js.html]
[bccwallet.io/BCHwallet/login/sticky-kit.min.js.html]
[bccwallet.io/BCHwallet/login/jquery.sparkline.min.js.html]
[bccwallet.io/BCHwallet/login/custom.min.js.html]
[bccwallet.io/BCHwallet/login/jQuery.style.switcher.js.html]
[bccwallet.io/BCHwallet/scss/icons/font-awesome/css/font-awesome.min.html]
[bccwallet.io/BCHwallet/scss/icons/simple-line-icons/css/simple-line-icons.html]
[bccwallet.io/BCHwallet/scss/icons/weather-icons/css/weather-icons.min.html]
[bccwallet.io/BCHwallet/scss/icons/linea-icons/linea.html]
[bccwallet.io/BCHwallet/scss/icons/themify-icons/themify-icons.html]
[bccwallet.io/BCHwallet/scss/icons/flag-icon-css/flag-icon.min.html]
[bccwallet.io/BCHwallet/scss/icons/material-design-iconic-font/css/materialdesignicons.min.html]
[bccwallet.io/BCHwallet/css/spinners.html]
[bccwallet.io/BCHwallet/css/animate.html]
[bccwallet.io/assets/images/custom-select.html]
[bccwallet.io/assets/images/tooltip/tooltip1.html]
[bccwallet.io/assets/images/tooltip/shape1.html]
[bccwallet.io/assets/images/background/error-bg.html]
